If you need to use https inside docker, you need to install certificate . It is just text file

root@spotace:~# ls -l  /usr/local/share/ca-certificates/SSI-RootCA.crt
-rw-r--r-- 1 root root 1850 Jan 28 12:13 /usr/local/share/ca-certificates/SSI-RootCA.crt

root@57bfe2e58cab:/host_dir# wget https://releases.bazel.build/6.5.0/release/bazel-6.5.0-linux-x86_64
--2025-01-31 22:55:50--  https://releases.bazel.build/6.5.0/release/bazel-6.5.0-linux-x86_64
Resolving releases.bazel.build (releases.bazel.build)... 130.211.22.235, 2600:1901:0:8cdc::
Connecting to releases.bazel.build (releases.bazel.build)|130.211.22.235|:443... connected.
ERROR: cannot verify releases.bazel.build's certificate, issued by 'CN=105.128.134.248,O=Samsung,L=San Jose,ST=California,C=US':
  Self-signed certificate encountered.
To connect to releases.bazel.build insecurely, use `--no-check-certificate'.
root@57bfe2e58cab:/host_dir#

You need to create or copy the certificate file and run  “ update-ca-certificates -f”  command

root@57bfe2e58cab:~# cat /usr/local/share/ca-certificates/ssi-rootca.crt
-----BEGIN CERTIFICATE-----
MIIFKjCCAxKgAwIBAgIQbe9PBTypda5JtGBzUNLZpjANBgkqhkiG9w0BAQsFADAV
MRMwEQYDVQQDEwpTU0ktUm9vdENBMB4XDTE0MDMyNjE3MzIxN1oXDTMzMTIwNjE5
Mjk0NlowFTETMBEGA1UEAxMKU1NJLVJvb3RDQTCCAiIwDQYJKoZIhvcNAQEBBQAD
ggIPADCCAgoCggIBAMc4DxDDxum7U6oDgqMjDe2wDDYQ3IBDWcVDU6kKSgjk6H0w
xFHJX435TPKcwUoApYwF+JXGemRCDwVKABF+fkwHuIiTXyCVGcvELZzjC4xLcghY
JpCKdmWGSViX2pn6PKf9y4kQXLARZNwty/w3OsOLT0r+rRpt2qAhvB43FhStkIpt
ofPTRestK3xSZLPNWqOcAW01so0BXFMtossAkVmIFbLCVcWpbp2CV9Z8BeFSKKEf
4jVCmgzOtgRdbtAFzhY91M+yocnx7co7YGE7jbOtrw0UvnYQcIkN/CozWxJoa0LK
a/GmHbLEFzbFcytI5SxNdcpQIN/v/3plCQd/hl59wH1iDieeABMnPzMlPd32dvqq
0cqk6kaBbmGIxtgcw4Z9haM/d213usmiwAYRvH+Lxor7VIfsKcC2N2jyV7MUxrXf
yAKnnk9KejVHSgL+2GiuTnqLG6Hr8Pwu7I9PBMAi/Kp/er2DP9nocjGzP7O0fGaa
QlsQGqMTE2eX2L5lqa/YoHyp0c/IExs1b0yOnMl0g3wVTuMYrLGNI5RumAriBIeI
lrF9nPOXqh2tVxj0zWg+7XBEtDV44l5m8Yk8k/gvzbsTL6LrWu7MfaX5/oxW2c64
yHBb7d3AhHKqPkzUfozld4o3G464RvcpXqWrMM7X0qaN6cVjCD4MlTunfX67AgMB
AAGjdjB0MAsGA1UdDwQEAwIBhjAPBgNVHRMBAf8EBTADAQH/MB0GA1UdDgQWBBQ7
ruRDEOZCwEOycSzcClrBmTF9QjAQBgkrBgEEAYI3FQEEAwIBATAjBgkrBgEEAYI3
FQIEFgQUPWmfQXFrtWj7a7OmVmg1NeQhnsMwDQYJKoZIhvcNAQELBQADggIBABiO
3rl6G0R9d8ocpI4GaROxMqKArDJat1jC2DDY/omfq3wMb3lYSIDbyGNLpIvEQr9T
Nwebp7YCjIOOYDQMZ3r/AVkD3dTDFgFjoqqD5gGFWAr0nJsNfIuxGRQt4z+p53dK
a/WbczCjtGdd1IGhaqWpwsql7dCGEKz64FDDgxymMUI00nEoGr4DO3SrAOj5YcBV
tDzPSJgz8jiboG0VFZgTMIrfAq1P47MEfJ+/GHtH4NFlhT/EW41Eel30JeRQKqn5
qYvDWqNee9JbulNZMEpzHP8rXi40RM9goeK925UDBR4mUo+N+7kssM5akDmeB9/K
WRw5wkfQ8zvh3sTMgy/SEm3rZQVn4cCF8ifKErqXiNDIYpgz2JUrHZPqry2nZpo5
Uw5LGwc0rA2g0U1jVB12mNm6lYVDVXvD2NtxgHq6e9zgNDxdxY7C9W/fEiwMfQtS
BuxEaKlJYxWHGm3ztgKRuzprA7b7ytvjywjf7nQkbctIQpaRCQ+XcUqDoJh0bFrV
kyUklJ4nK6nEjRK/8nt7fmBYkGAV4ihVBi/d0dKlC+Vcblp5thX5c9iK6MyzGFzF
PwcoDwMgCGJhaFs49hU4pB5HlhgjW3cmmq52ZIQHEfrp7dk6UaRQQ5lli8xjC98Y
S4zDcReQBFJIsTJOWZneNZs3jmUvQvhC2UikIdSR
-----END CERTIFICATE-----

root@57bfe2e58cab:~# update-ca-certificates -f 
=================================================

root@57bfe2e58cab:~# wget https://releases.bazel.build/6.5.0/release/bazel-6.5.0-linux-x86_64
--2025-01-31 23:00:38--  https://releases.bazel.build/6.5.0/release/bazel-6.5.0-linux-x86_64
Resolving releases.bazel.build (releases.bazel.build)... 130.211.22.235, 2600:1901:0:8cdc::
Connecting to releases.bazel.build (releases.bazel.build)|130.211.22.235|:443... connected.
HTTP request sent, awaiting response... 200 OK
Length: 54809867 (52M) [application/octet-stream]
Saving to: 'bazel-6.5.0-linux-x86_64'



I have create .bazelrc and tried. Certificate (SunCertPathBuilder) error is gone 

root@spotace:~# cd ~/MICHAEL/LiteRT

bazel test  --define xnn_enable_avxvnni=false --define xnn_enable_avx512amx=false  --define xnn_enable_avx512fp16=false   --define xnn_enable_avxvnniint8=false  //tflite:interpreter_test
===========================================================================
INFO: Reading 'startup' options from /root/MICHAEL/LiteRT/.bazelrc: --windows_enable_symlinks
INFO: Reading 'startup' options from /root/.bazelrc: --host_jvm_args=-Djavax.net.ssl.trustStore=/etc/ssl/certs/java/cacerts, --host_jvm_args=-Djavax.net.ssl.trust
INFO: Options provided by the client:
  Inherited 'common' options: --isatty=1 --terminal_columns=282
INFO: Reading rc options for 'test' from /root/MICHAEL/LiteRT/.bazelrc:
  Inherited 'common' options: --experimental_repo_remote_exec --experimental_repo_remote_exec
INFO: Reading rc options for 'test' from /root/MICHAEL/LiteRT/.bazelrc:
  Inherited 'build' options: --define framework_shared_object=true --define tsl_protobuf_header_only=true --define=use_fast_cpp_protos=true --define=allow_oversize_protos=true --spawn_strategy=standalone -c opt --announce_rc --define=grpc_no_ares=true --noincompatible_remove_legacy_whole_archive --features=-force_no_whole_archive --enable_platform_specific_config --define=with_xla_support=true --config=short_logs --experimental_cc_shared_library --experimental_link_static_libraries_once=false --incompatible_enforce_config_setting_visibility
INFO: Reading rc options for 'test' from /root/MICHAEL/LiteRT/.tf_configure.bazelrc:
  Inherited 'build' options: --action_env PYTHON_BIN_PATH=/usr/bin/python3 --action_env PYTHON_LIB_PATH=/usr/lib/python3/dist-packages --python_path=/usr/bin/python3
INFO: Reading rc options for 'test' from /root/MICHAEL/LiteRT/.bazelrc:
  Inherited 'build' options: --config=v2 --config=litert_prefixes
INFO: Reading rc options for 'test' from /root/MICHAEL/LiteRT/.tf_configure.bazelrc:
  'test' options: --test_size_filters=small,medium
INFO: Found applicable config definition build:short_logs in file /root/MICHAEL/LiteRT/.bazelrc: --output_filter=DONT_MATCH_ANYTHING
INFO: Found applicable config definition build:v2 in file /root/MICHAEL/LiteRT/.bazelrc: --define=tf_api_version=2 --action_env=TF2_BEHAVIOR=1
INFO: Found applicable config definition test:v2 in file /root/MICHAEL/LiteRT/.tf_configure.bazelrc: --test_tag_filters=-benchmark-test,-no_oss,-oss_excluded,-gpu,-oss_serial,-v1only --build_tag_filters=-benchmark-test,-no_oss,-oss_excluded,-gpu,-v1only
INFO: Found applicable config definition build:litert_prefixes in file /root/MICHAEL/LiteRT/.bazelrc: --define=litert_prefixes=external/org_tensorflow/
INFO: Found applicable config definition build:linux in file /root/MICHAEL/LiteRT/.bazelrc: --host_copt=-w --copt=-Wno-all --copt=-Wno-extra --copt=-Wno-deprecated --copt=-Wno-deprecated-declarations --copt=-Wno-ignored-attributes --copt=-Wno-array-bounds --copt=-Wunused-result --copt=-Werror=unused-result --copt=-Wswitch --copt=-Werror=switch --copt=-Wno-gnu-offsetof-extensions --define=PREFIX=/usr --define=LIBDIR=$(PREFIX)/lib --define=INCLUDEDIR=$(PREFIX)/include --define=PROTOBUF_INCLUDE_PATH=$(PREFIX)/include --cxxopt=-std=c++17 --host_cxxopt=-std=c++17 --config=dynamic_kernels --experimental_guard_against_concurrent_changes
INFO: Found applicable config definition build:dynamic_kernels in file /root/MICHAEL/LiteRT/.bazelrc: --define=dynamic_loaded_kernels=true --copt=-DAUTOLOAD_DYNAMIC_KERNELS
INFO: Build option --define has changed, discarding analysis cache.
INFO: Analyzed target //tflite:interpreter_test (0 packages loaded, 7017 targets configured).
INFO: Found 1 test target...
Target //tflite:interpreter_test up-to-date:
  bazel-bin/tflite/interpreter_test
INFO: Elapsed time: 347.835s, Critical Path: 49.04s
INFO: 1601 processes: 222 internal, 1379 local.
INFO: Build completed successfully, 1601 total actions
//tflite:interpreter_test                                                PASSED in 0.1s

Executed 1 out of 1 test: 1 test passes.

